// Vitest Snapshot v1, https://vitest.dev/guide/snapshot.html

exports[`seed 12345 keeps its names 1`] = `
[
  "continent:1 continent 5 {"root":"Sacen"}",
  "continent:2 continent 1 {"root":"Dask"}",
  "continent:3 continent 0 {"root":"Aseliel"}",
  "continent:4 continent 3 {"root":"Nisise"}",
  "continent:5 continent 5 {"root":"Pelpax"}",
  "continent:6 continent 4 {"root":"Shamish"}",
  "island:1749,1193 island 4 {"root":"Siqandid"}",
  "island:9461,1511 island 0 {"root":"Thavinra"}",
  "island:9472,2616 island 0 {"root":"Rese"}",
  "island:6593,5832 island 1 {"root":"Drygak"}",
  "island:1378,8154 island 1 {"root":"Khturn"}",
  "island:1542,636 island 4 {"root":"Zuzbu"}",
  "island:9328,8052 island 1 {"root":"Grurkurd"}",
  "island:7383,8950 island 1 {"root":"Dukesk"}",
  "range:3491,1894 range 4 {"root":"Mashumad"}",
  "range:7466,2721 range 3 {"root":"Royumon"}",
  "range:7908,3860 range 0 {"adjective":"misty"}",
  "range:2943,4173 range 5 {"root":"Soltavi"}",
  "range:2091,5242 range 5 {"adjective":"grey"}",
  "range:2752,5108 range 5 {"adjective":"black"}",
  "range:3335,5347 range 5 {"root":"Lanlaum"}",
  "range:1769,5995 range 5 {"root":"Rosavos"}",
  "range:3264,6101 range 5 {"root":"Tileor"}",
  "range:1816,7349 range 1 {"adjective":"red"}",
  "range:2951,7412 range 1 {"root":"Torkok"}",
  "range:2309,8211 range 1 {"root":"Terdga"}",
  "range:5680,8337 range 1 {"root":"Kurnza"}",
  "range:2645,8707 range 1 {"root":"Grorak"}",
  "range:3845,8735 range 1 {"root":"Grudh"}",
  "lake:2376,5252 lake 5 {"root":"Risu"}",
  "lake:1809,5420 lake 5 {"root":"Relia"}",
  "lake:2916,5381 lake 5 {"root":"Cusa"}",
  "lake:2760,6009 lake 5 {"root":"Caveca"}",
  "lake:2718,7747 lake 1 {"adjective":"misty"}",
  "river:1980,5526,1924,5481 river 5 {"adjective":"black","form":"riviere"}",
  "river:1546,4993,1503,4954 river 5 {"root":"Sium","form":"fleuve"}",
  "river:1426,5026,1421,4995 river 5 {"root":"Tisor","form":"fleuve"}",
  "river:1362,5225,1337,5256 river 5 {"root":"Lalarsa","form":"fleuve"}",
  "river:3178,4674,3215,4676 river 5 {"root":"Lomorsul","form":"fleuve"}",
  "river:5179,8229,5124,8175 river 1 {"root":"Kurdkor","form":"fleuve"}",
  "river:2437,6948,2475,6902 river 1 {"root":"Zurak","form":"fleuve"}",
  "river:3155,5183,3198,5137 river 5 {"root":"Limise","form":"fleuve"}",
  "river:2974,3726,3002,3678 river 5 {"root":"Samuve","form":"fleuve"}",
  "river:3060,6596,3015,6595 river 1 {"root":"Gokak","form":"fleuve"}",
  "river:3757,5876,3760,5844 river 5 {"root":"Cunma","form":"fleuve"}",
  "river:5612,8680,5612,8741 river 1 {"root":"Kadhak","form":"fleuve"}",
  "river:7820,3468,7833,3412 river 0 {"root":"Mevo","form":"fleuve"}",
  "river:7092,2952,7054,2952 river 3 {"root":"Maro","form":"fleuve"}",
  "river:3453,5650,3503,5693 river 5 {"root":"Castilia","form":"fleuve"}",
  "river:2238,8773,2270,8810 river 1 {"root":"Takak","form":"fleuve"}",
  "river:7015,8229,7014,8265 river 1 {"root":"Garkag","form":"fleuve"}",
  "river:2338,4701,2334,4739 river 5 {"adjective":"pale","form":"riviere"}",
  "river:2011,5852,2012,5809 river 5 {"root":"Leronso","form":"riviere"}",
  "river:1244,2398,1183,2417 river 5 {"root":"Tosusta","form":"fleuve"}",
  "river:4166,2414,4132,2401 river 4 {"root":"Danba","form":"fleuve"}",
  "river:4290,2428,4312,2436 river 4 {"root":"Sashud","form":"fleuve"}",
  "river:2780,8130,2791,8115 river 1 {"adjective":"green","form":"fleuve"}",
  "river:8196,3808,8232,3785 river 0 {"root":"Aena","form":"fleuve"}",
  "river:7375,1812,7396,1763 river 3 {"root":"Kino","form":"riviere"}",
  "river:7916,2349,7956,2319 river 0 {"root":"Rorae","form":"riviere"}",
  "river:4472,1884,4522,1890 river 4 {"root":"Zashrar","form":"riviere"}",
  "river:7675,1862,7700,1805 river 0 {"adjective":"golden","form":"riviere"}",
  "river:3563,5619,3615,5600 river 5 {"root":"Cespuva","form":"riviere"}",
  "river:2768,7010,2723,6981 river 1 {"root":"Korgor","form":"riviere"}",
  "river:6545,8347,6594,8334 river 1 {"root":"Durnkadh","form":"riviere"}",
  "river:3897,6792,3925,6825 river 1 {"root":"Gorn","form":"riviere"}",
  "river:3924,9048,3977,9058 river 1 {"root":"Kragzar","form":"riviere"}",
  "river:7203,3535,7165,3497 river 0 {"root":"Aelas","form":"riviere"}",
  "river:2749,7787,2718,7747 river 1 {"root":"Todard","form":"riviere"}",
  "river:3236,7374,3229,7325 river 1 {"root":"Tadh","form":"riviere"}",
  "river:6607,2078,6611,2049 river 3 {"root":"Renu","form":"riviere"}",
  "river:1746,5410,1723,5368 river 5 {"root":"Caritos","form":"riviere"}",
  "river:2996,4653,3034,4644 river 5 {"root":"Lelce","form":"riviere"}",
  "river:3969,2091,3935,2120 river 4 {"root":"Khamurash","form":"riviere"}",
  "sea:3768,979 sea 4 {"root":"Almizsha"}",
  "sea:7133,7343 sea 1 {"root":"Turn"}",
  "sea:1918,9114 sea 1 {"adjective":"stormy"}",
  "sea:7178,1123 sea 3 {"root":"Kaka"}",
  "sea:6531,3891 sea 3 {"root":"Makeyana"}",
  "sea:8694,2212 sea 0 {"root":"Aethovan"}",
  "sea:1201,4282 sea 5 {"root":"Silo"}",
  "sea:768,2301 sea 5 {"root":"Penlila"}",
  "sea:4340,7689 sea 1 {"root":"Kyky"}",
  "sea:8454,4657 sea 0 {"root":"Liase"}",
  "sea:5535,548 sea 4 {"root":"Qushuir"}",
  "sea:4335,5177 sea 5 {"root":"Vuror"}",
  "ocean ocean 5 {"root":"Silor"}",
]
`;
